c:\users\alex\desktop\adressskaner\enginex-pro\debug\enginex tool 11.10.pch
c:\users\alex\desktop\adressskaner\enginex-pro\debug\vc120.pdb
c:\users\alex\desktop\adressskaner\enginex-pro\debug\stdafx.obj
c:\users\alex\desktop\adressskaner\enginex-pro\debug\patternscanfast.obj
c:\users\alex\desktop\adressskaner\enginex-pro\debug\patternscan3.obj
c:\users\alex\desktop\adressskaner\enginex-pro\debug\stringextension.obj
c:\users\alex\desktop\adressskaner\enginex-pro\debug\moc_logwindow.obj
c:\users\alex\desktop\adressskaner\enginex-pro\debug\protectextension.obj
c:\users\alex\desktop\adressskaner\enginex-pro\debug\maincore.obj
c:\users\alex\desktop\adressskaner\enginex-pro\debug\asmoperations.obj
c:\users\alex\desktop\adressskaner\enginex-pro\debug\fileextension.obj
c:\users\alex\desktop\adressskaner\enginex-pro\debug\logwindow.obj
c:\users\alex\desktop\adressskaner\enginex-pro\debug\misc.obj
c:\users\alex\desktop\adressskaner\enginex-pro\debug\patternscan2.obj
c:\users\alex\desktop\adressskaner\enginex-pro\debug\xor32.obj
c:\users\alex\desktop\adressskaner\enginex-pro\debug\patternscan.obj
c:\users\alex\desktop\adressskaner\enginex-pro\debug\dllmain.obj
c:\users\alex\desktop\adressskaner\enginex-pro\generatedfiles\debug\moc_logwindow.cpp
c:\users\alex\desktop\adressskaner\enginex-pro\generatedfiles\ui_logwindow.h
c:\users\alex\desktop\adressskaner\win32\debug\enginex tool 11.10.lib
c:\users\alex\desktop\adressskaner\win32\debug\enginex tool 11.10.exp
c:\users\alex\desktop\adressskaner\enginex-pro\debug\enginex-pro.res
c:\users\alex\desktop\adressskaner\win32\debug\enginex tool 11.10.pdb
c:\users\alex\desktop\adressskaner\enginex-pro\debug\enginex .b12702ad.tlog\cl.command.1.tlog
c:\users\alex\desktop\adressskaner\enginex-pro\debug\enginex .b12702ad.tlog\cl.read.1.tlog
c:\users\alex\desktop\adressskaner\enginex-pro\debug\enginex .b12702ad.tlog\cl.write.1.tlog
c:\users\alex\desktop\adressskaner\enginex-pro\debug\enginex .b12702ad.tlog\custombuild.command.1.tlog
c:\users\alex\desktop\adressskaner\enginex-pro\debug\enginex .b12702ad.tlog\custombuild.read.1.tlog
c:\users\alex\desktop\adressskaner\enginex-pro\debug\enginex .b12702ad.tlog\custombuild.write.1.tlog
c:\users\alex\desktop\adressskaner\enginex-pro\debug\enginex .b12702ad.tlog\enginex tool 11.10.write.1u.tlog
c:\users\alex\desktop\adressskaner\enginex-pro\debug\enginex .b12702ad.tlog\link.command.1.tlog
c:\users\alex\desktop\adressskaner\enginex-pro\debug\enginex .b12702ad.tlog\link.read.1.tlog
c:\users\alex\desktop\adressskaner\enginex-pro\debug\enginex .b12702ad.tlog\link.write.1.tlog
c:\users\alex\desktop\adressskaner\enginex-pro\debug\enginex .b12702ad.tlog\rc.command.1.tlog
c:\users\alex\desktop\adressskaner\enginex-pro\debug\enginex .b12702ad.tlog\rc.read.1.tlog
c:\users\alex\desktop\adressskaner\enginex-pro\debug\enginex .b12702ad.tlog\rc.write.1.tlog
